hamzaaaaaa